2026-08-06T12:50:24 [STEP] Checking system prerequisites
2026-08-06T12:50:24 [INFO] Free space before full verified installation: 44.72 GB
2026-08-06T12:50:24 [INFO] Node.js LTS: C:\Program Files\nodejs\node.exe
2026-08-06T12:50:24 [INFO] npm: C:\Program Files\nodejs\npm.cmd
2026-08-06T12:50:24 [INFO] RUN: C:\Program Files\nodejs\node.exe --version
v22.16.0
2026-08-06T12:50:24 [INFO] RUN: C:\Program Files\nodejs\npm.cmd --version
'\"C:\Program Files\nodejs\npm.cmd\"' is not recognized as an internal or external command,
operable program or batch file.
2026-08-06T12:50:24 [ERROR] Command failed (1): C:\Program Files\nodejs\npm.cmd --version
2026-08-06T12:50:24 [ERROR] Command failed (1): C:\Program Files\nodejs\npm.cmd --version
2026-08-06T12:51:08 [STEP] Checking system prerequisites
2026-08-06T12:51:08 [INFO] Free space before full verified installation: 44.52 GB
2026-08-06T12:51:08 [INFO] Node.js LTS: C:\Program Files\nodejs\node.exe
2026-08-06T12:51:08 [INFO] npm: C:\Program Files\nodejs\npm.cmd
2026-08-06T12:51:08 [INFO] RUN: C:\Program Files\nodejs\node.exe --version
v22.16.0
2026-08-06T12:51:08 [INFO] RUN: C:\Program Files\nodejs\npm.cmd --version
'\"C:\Program Files\nodejs\npm.cmd\"' is not recognized as an internal or external command,
operable program or batch file.
2026-08-06T12:51:08 [ERROR] Command failed (1): C:\Program Files\nodejs\npm.cmd --version
2026-08-06T12:51:08 [ERROR] Command failed (1): C:\Program Files\nodejs\npm.cmd --version
